[dotenv@17.2.3] injecting env (0) from .env -- tip: ≡ƒöÉ encrypt with Dotenvx: https://dotenvx.com
Testing email configuration...
User: spendsmart.noreply@gmail.com
Password configured: YES
bun : Error sending email: 
804 |         let err;
At line:1 char:1
+ bun 
src/scripts/test-email.ts > 
test_output.txt 2>&1
+ ~~~~~~~~~~~~~~~~~~~~~~~~~~~
~~~~~~~~~~~~~~~~~~~~~~~~~
    + CategoryInfo           
   : NotSpecifi    ed: 
(Error sending     e...      
 let er    r;:String) [], 
Rem    oteException
    + FullyQualifiedEr    
rorId : NativeComm    
andError
 
805 | 
806 |         if (/Error\]$/i
.test(Object.prototype.toStri
ng.call(message))) {
807 |             err = 
message;
808 |         } else {
809 |             err = new 
Error(message);
                            ^
error: Invalid login: 
535-5.7.8 Username and 
Password not accepted. For 
more information, go to
535 5.7.8  https://support.go
ogle.com/mail/?p=BadCredentia
ls d2e1a72fcca58-81fa129199ds
m48691b3a.51 - gsmtp
   response: "535-5.7.8 
Username and Password not 
accepted. For more 
information, go to\n535 
5.7.8  https://support.google
.com/mail/?p=BadCredentials d
2e1a72fcca58-81fa129199dsm486
91b3a.51 - gsmtp",
 responseCode: 535,
    command: "AUTH PLAIN",
       code: "EAUTH"

      at _formatError 
(D:\Developer\Budget Tracker\
Budget-Tracker\server\node_mo
dules\nodemailer\lib\smtp-con
nection\index.js:809:23)
      at _actionAUTHComplete 
(D:\Developer\Budget Tracker\
Budget-Tracker\server\node_mo
dules\nodemailer\lib\smtp-con
nection\index.js:1617:34)
      at <anonymous> 
(D:\Developer\Budget Tracker\
Budget-Tracker\server\node_mo
dules\nodemailer\lib\smtp-con
nection\index.js:556:26)
      at _processResponse 
(D:\Developer\Budget Tracker\
Budget-Tracker\server\node_mo
dules\nodemailer\lib\smtp-con
nection\index.js:993:20)
      at _onData 
(D:\Developer\Budget Tracker\
Budget-Tracker\server\node_mo
dules\nodemailer\lib\smtp-con
nection\index.js:774:14)
      at emit 
(node:events:95:22)
      at addChunk (internal:s
treams/readable:264:47)
      at 
readableAddChunkPushByteMode 
(internal:streams/readable:24
2:18)
      at data 
(node:net:296:52)

